// Jest Snapshot v1, https://goo.gl/fbAQLP

exports[`About component matches snapshot 1`] = `
<div
  className="sc-AxheI iAAZYi"
>
  <div
    className="sc-AxgMl dDdDu"
    display="flex"
  >
    <div
      className="sc-Axmtr jofyog"
      display="flex"
      width={
        Array [
          0.9,
        ]
      }
    >
      <div
        id="about-img"
      >
        <img
          alt="github-icon"
        />
      </div>
      <div
        className="sc-AxmLO jNJDTw"
      >
        <h2
          className="sc-AxirZ gUaKjt"
          color="dark.0"
          fontFamily="heading"
          fontSize={
            Array [
              4,
              4,
              5,
              5,
            ]
          }
        >
          Siapakah saya yang sebenarnya? Mengapa anda perlu peduli?
        </h2>
        <p
          className="sc-AxhUy gwdvli"
          color="dark.0"
          fontFamily="body"
          fontSize={
            Array [
              1,
              1,
              2,
              2,
            ]
          }
        >
          Quis ut sunt labore commodo amet velit laborum eu laboris. Lorem officia consectetur reprehenderit in ut ad anim cillum. Aute proident quis consequat nisi nulla non. Est ex minim aute qui commodo. Reprehenderit exercitation consectetur tempor aliquip nulla tempor cillum. Qui sint reprehenderit in anim aliqua labore veniam magna enim.
        </p>
      </div>
    </div>
  </div>
</div>
`;
