// Jest Snapshot v1, https://goo.gl/fbAQLP

exports[`Product card component matches snapshot 1`] = `
<div
  className="sc-AxmLO dEnkqx"
  display="flex"
  overflow="hidden"
>
  <div
    style={
      Object {
        "width": "100%",
      }
    }
  >
    <div
      className="sc-fzpans cWuRwg"
      height={
        Array [
          "auto",
        ]
      }
      overflow="hidden"
      width={
        Array [
          1,
        ]
      }
    >
      <img
        alt="github-icon"
        src="https://res.cloudinary.com/dsvdffre0/image/upload/v1596016031/github-icon.png"
      />
    </div>
    <div
      className="sc-fzozJi deZYli"
      display="flex"
      width={1}
    >
      <h3
        className="sc-AxiKw dsegVB"
        fontFamily="heading"
        fontSize={
          Array [
            3,
            3,
            4,
            4,
          ]
        }
      >
        Heading
      </h3>
      <p
        className="sc-AxhUy iPnAqk"
        fontFamily="body"
        fontSize={
          Array [
            1,
            1,
            2,
            2,
          ]
        }
      >
        Body
      </p>
      <div
        className="sc-fzoLsD kMKfsv"
        display="flex"
        width={1}
      />
    </div>
  </div>
  <div
    className="sc-fzozJi bngyJH"
    width={1}
  >
    <button
      className="sc-AxheI eICHae"
      fontFamily="body"
      fontSize={
        Array [
          1,
          1,
          2,
          2,
        ]
      }
      fontWeight="bold"
      onClick={
        [MockFunction] {
          "calls": Array [
            Array [
              Class {
                "_dispatchInstances": null,
                "_dispatchListeners": null,
                "_targetInst": null,
                "altKey": null,
                "bubbles": null,
                "button": null,
                "buttons": null,
                "cancelable": null,
                "clientX": null,
                "clientY": null,
                "ctrlKey": null,
                "currentTarget": [Function],
                "defaultPrevented": null,
                "detail": null,
                "dispatchConfig": null,
                "eventPhase": null,
                "getModifierState": [Function],
                "isDefaultPrevented": [Function],
                "isPropagationStopped": [Function],
                "isTrusted": null,
                "metaKey": null,
                "movementX": [Function],
                "movementY": [Function],
                "nativeEvent": null,
                "pageX": null,
                "pageY": null,
                "relatedTarget": [Function],
                "screenX": null,
                "screenY": null,
                "shiftKey": null,
                "target": null,
                "timeStamp": [Function],
                "type": null,
                "view": null,
              },
            ],
          ],
          "results": Array [
            Object {
              "type": "return",
              "value": undefined,
            },
          ],
        }
      }
      width={
        Array [
          1,
        ]
      }
    >
      More info
    </button>
  </div>
</div>
`;
