// Jest Snapshot v1, https://goo.gl/fbAQLP

exports[`Hot List component matches snapshot 1`] = `
<div
  className="sc-fzpans eETnsG"
>
  <div
    className="sc-AxgMl iCGIdZ"
  >
    <h2
      className="sc-AxirZ eWTEun"
      fontFamily="heading"
      fontSize={
        Array [
          4,
          4,
          5,
          5,
        ]
      }
    >
      Lagi hot!! 🔥🔥🔥
    </h2>
    <div
      className="sc-AxmLO lkqzKm"
      width="fit-content"
    >
      <img
        alt="Handsome boy"
        src="https://res.cloudinary.com/dsvdffre0/image/upload/v1595340453/ovmhcixqqpfjla4mxovf.jpg"
      />
      <div
        className="sc-fzozJi hMofS"
        display="flex"
        width={1}
      >
        <h3
          className="sc-AxiKw dsegVB"
          fontFamily="heading"
          fontSize={
            Array [
              3,
              3,
              4,
              4,
            ]
          }
        >
          Rumah 1
        </h3>
        <p
          className="sc-AxhUy iPnAqk"
          fontFamily="body"
          fontSize={
            Array [
              1,
              1,
              2,
              2,
            ]
          }
        >
          jalan Mangga 24 blok G nomor 167
        </p>
        <div
          className="sc-fzoLsD cwA-duP"
        />
        <h2
          className="sc-AxirZ jrdOBY"
          fontFamily="heading"
          fontSize={
            Array [
              4,
              4,
              5,
              5,
            ]
          }
        />
        <button
          className="sc-AxheI cjQULr"
          fontFamily="body"
          fontSize={
            Array [
              1,
              1,
              2,
              2,
            ]
          }
          fontWeight="bold"
          onClick={[Function]}
          width={
            Array [
              1,
            ]
          }
        >
          More info
        </button>
      </div>
    </div>
    <div
      className="sc-AxmLO lkqzKm"
      width="fit-content"
    >
      <img
        alt="Lakers logo"
        src="https://res.cloudinary.com/dsvdffre0/image/upload/v1596031267/w3ufcacls7mqfmhbwpe4.png"
      />
      <div
        className="sc-fzozJi hMofS"
        display="flex"
        width={1}
      >
        <h3
          className="sc-AxiKw dsegVB"
          fontFamily="heading"
          fontSize={
            Array [
              3,
              3,
              4,
              4,
            ]
          }
        >
          Rumah 2
        </h3>
        <p
          className="sc-AxhUy iPnAqk"
          fontFamily="body"
          fontSize={
            Array [
              1,
              1,
              2,
              2,
            ]
          }
        >
          jalan Mangga 25 blok F nomor 167
        </p>
        <div
          className="sc-fzoLsD cwA-duP"
        />
        <h2
          className="sc-AxirZ jrdOBY"
          fontFamily="heading"
          fontSize={
            Array [
              4,
              4,
              5,
              5,
            ]
          }
        />
        <button
          className="sc-AxheI cjQULr"
          fontFamily="body"
          fontSize={
            Array [
              1,
              1,
              2,
              2,
            ]
          }
          fontWeight="bold"
          onClick={[Function]}
          width={
            Array [
              1,
            ]
          }
        >
          More info
        </button>
      </div>
    </div>
    <div
      className="sc-AxmLO lkqzKm"
      width="fit-content"
    >
      <img
        alt="No image provided"
        src="/"
      />
      <div
        className="sc-fzozJi hMofS"
        display="flex"
        width={1}
      >
        <h3
          className="sc-AxiKw dsegVB"
          fontFamily="heading"
          fontSize={
            Array [
              3,
              3,
              4,
              4,
            ]
          }
        >
          Apartment 2
        </h3>
        <p
          className="sc-AxhUy iPnAqk"
          fontFamily="body"
          fontSize={
            Array [
              1,
              1,
              2,
              2,
            ]
          }
        >
          jalan Mangga 25 blok F nomor 167
        </p>
        <div
          className="sc-fzoLsD cwA-duP"
        />
        <h2
          className="sc-AxirZ jrdOBY"
          fontFamily="heading"
          fontSize={
            Array [
              4,
              4,
              5,
              5,
            ]
          }
        />
        <button
          className="sc-AxheI cjQULr"
          fontFamily="body"
          fontSize={
            Array [
              1,
              1,
              2,
              2,
            ]
          }
          fontWeight="bold"
          onClick={[Function]}
          width={
            Array [
              1,
            ]
          }
        >
          More info
        </button>
      </div>
    </div>
  </div>
</div>
`;
